// Jest Snapshot v1, https://goo.gl/fbAQLP

exports[`<MainFrame /> should render correctly 1`] = `
<div
  className="data-vis-container"
>
  <div
    className="data-vis-header"
  />
  <div
    className="data-vis-body"
    tabIndex={-1}
  />
</div>
`;

exports[`<MainFrame /> should render the svg element 1`] = `
<div>
  <div
    class="data-vis-container"
  >
    <div
      class="data-vis-header"
    />
    <div
      class="data-vis-body"
      tabindex="-1"
    >
      <svg>
        <g
          transform="translate(10,20)"
        >
          <g
            fill="none"
            font-family="sans-serif"
            font-size="10"
            text-anchor="middle"
            transform="translate(0,480)"
          >
            <path
              class="domain"
              d="M0.5,6V0.5H980.5V6"
              stroke="#000"
            />
            <g
              class="tick"
              opacity="1"
              transform="translate(0.5,0)"
            >
              <line
                stroke="#000"
                y2="6"
              />
              <text
                dy="0.71em"
                fill="#000"
                y="9"
              >
                .880
              </text>
            </g>
            <g
              class="tick"
              opacity="1"
              transform="translate(73.5,0)"
            >
              <line
                stroke="#000"
                y2="6"
              />
              <text
                dy="0.71em"
                fill="#000"
                y="9"
              >
                .890
              </text>
            </g>
            <g
              class="tick"
              opacity="1"
              transform="translate(146.5,0)"
            >
              <line
                stroke="#000"
                y2="6"
              />
              <text
                dy="0.71em"
                fill="#000"
                y="9"
              >
                .900
              </text>
            </g>
            <g
              class="tick"
              opacity="1"
              transform="translate(219.5,0)"
            >
              <line
                stroke="#000"
                y2="6"
              />
              <text
                dy="0.71em"
                fill="#000"
                y="9"
              >
                .910
              </text>
            </g>
            <g
              class="tick"
              opacity="1"
              transform="translate(293.5,0)"
            >
              <line
                stroke="#000"
                y2="6"
              />
              <text
                dy="0.71em"
                fill="#000"
                y="9"
              >
                .920
              </text>
            </g>
            <g
              class="tick"
              opacity="1"
              transform="translate(366.5,0)"
            >
              <line
                stroke="#000"
                y2="6"
              />
              <text
                dy="0.71em"
                fill="#000"
                y="9"
              >
                .930
              </text>
            </g>
            <g
              class="tick"
              opacity="1"
              transform="translate(439.5,0)"
            >
              <line
                stroke="#000"
                y2="6"
              />
              <text
                dy="0.71em"
                fill="#000"
                y="9"
              >
                .940
              </text>
            </g>
            <g
              class="tick"
              opacity="1"
              transform="translate(512.5,0)"
            >
              <line
                stroke="#000"
                y2="6"
              />
              <text
                dy="0.71em"
                fill="#000"
                y="9"
              >
                .950
              </text>
            </g>
            <g
              class="tick"
              opacity="1"
              transform="translate(585.5,0)"
            >
              <line
                stroke="#000"
                y2="6"
              />
              <text
                dy="0.71em"
                fill="#000"
                y="9"
              >
                .960
              </text>
            </g>
            <g
              class="tick"
              opacity="1"
              transform="translate(658.5,0)"
            >
              <line
                stroke="#000"
                y2="6"
              />
              <text
                dy="0.71em"
                fill="#000"
                y="9"
              >
                .970
              </text>
            </g>
            <g
              class="tick"
              opacity="1"
              transform="translate(731.5,0)"
            >
              <line
                stroke="#000"
                y2="6"
              />
              <text
                dy="0.71em"
                fill="#000"
                y="9"
              >
                .980
              </text>
            </g>
            <g
              class="tick"
              opacity="1"
              transform="translate(804.5,0)"
            >
              <line
                stroke="#000"
                y2="6"
              />
              <text
                dy="0.71em"
                fill="#000"
                y="9"
              >
                .990
              </text>
            </g>
            <g
              class="tick"
              opacity="1"
              transform="translate(878.5,0)"
            >
              <line
                stroke="#000"
                y2="6"
              />
              <text
                dy="0.71em"
                fill="#000"
                y="9"
              >
                :02
              </text>
            </g>
            <g
              class="tick"
              opacity="1"
              transform="translate(951.5,0)"
            >
              <line
                stroke="#000"
                y2="6"
              />
              <text
                dy="0.71em"
                fill="#000"
                y="9"
              >
                .010
              </text>
            </g>
          </g>
          <g
            fill="none"
            font-family="sans-serif"
            font-size="10"
            text-anchor="end"
          >
            <path
              class="domain"
              d="M-6,960.5H0.5V0.5H-6"
              stroke="#000"
            />
            <g
              class="tick"
              opacity="1"
              transform="translate(0,905.5)"
            >
              <line
                stroke="#000"
                x2="-6"
              />
              <text
                dy="0.32em"
                fill="#000"
                x="-9"
              >
                -40
              </text>
            </g>
            <g
              class="tick"
              opacity="1"
              transform="translate(0,826.5)"
            >
              <line
                stroke="#000"
                x2="-6"
              />
              <text
                dy="0.32em"
                fill="#000"
                x="-9"
              >
                -30
              </text>
            </g>
            <g
              class="tick"
              opacity="1"
              transform="translate(0,748.5)"
            >
              <line
                stroke="#000"
                x2="-6"
              />
              <text
                dy="0.32em"
                fill="#000"
                x="-9"
              >
                -20
              </text>
            </g>
            <g
              class="tick"
              opacity="1"
              transform="translate(0,669.5)"
            >
              <line
                stroke="#000"
                x2="-6"
              />
              <text
                dy="0.32em"
                fill="#000"
                x="-9"
              >
                -10
              </text>
            </g>
            <g
              class="tick"
              opacity="1"
              transform="translate(0,590.5)"
            >
              <line
                stroke="#000"
                x2="-6"
              />
              <text
                dy="0.32em"
                fill="#000"
                x="-9"
              >
                0
              </text>
            </g>
            <g
              class="tick"
              opacity="1"
              transform="translate(0,511.5)"
            >
              <line
                stroke="#000"
                x2="-6"
              />
              <text
                dy="0.32em"
                fill="#000"
                x="-9"
              >
                10
              </text>
            </g>
            <g
              class="tick"
              opacity="1"
              transform="translate(0,433.5)"
            >
              <line
                stroke="#000"
                x2="-6"
              />
              <text
                dy="0.32em"
                fill="#000"
                x="-9"
              >
                20
              </text>
            </g>
            <g
              class="tick"
              opacity="1"
              transform="translate(0,354.5)"
            >
              <line
                stroke="#000"
                x2="-6"
              />
              <text
                dy="0.32em"
                fill="#000"
                x="-9"
              >
                30
              </text>
            </g>
            <g
              class="tick"
              opacity="1"
              transform="translate(0,275.5)"
            >
              <line
                stroke="#000"
                x2="-6"
              />
              <text
                dy="0.32em"
                fill="#000"
                x="-9"
              >
                40
              </text>
            </g>
            <g
              class="tick"
              opacity="1"
              transform="translate(0,197.5)"
            >
              <line
                stroke="#000"
                x2="-6"
              />
              <text
                dy="0.32em"
                fill="#000"
                x="-9"
              >
                50
              </text>
            </g>
            <g
              class="tick"
              opacity="1"
              transform="translate(0,118.5)"
            >
              <line
                stroke="#000"
                x2="-6"
              />
              <text
                dy="0.32em"
                fill="#000"
                x="-9"
              >
                60
              </text>
            </g>
            <g
              class="tick"
              opacity="1"
              transform="translate(0,39.5)"
            >
              <line
                stroke="#000"
                x2="-6"
              />
              <text
                dy="0.32em"
                fill="#000"
                x="-9"
              >
                70
              </text>
            </g>
            <text
              dy="0.71em"
              fill="#000"
              text-anchor="end"
              transform="rotate(-90)"
              y="6"
            >
              Price ($)
            </text>
          </g>
          <path
            d="M0,740L7,669L15,661L22,740L29,803L37,834L44,826L51,850L59,748L66,677L73,873L80,771L88,795L95,818L102,826L110,755L117,700L124,677L132,810L139,716L146,653L154,692L161,795L168,866L176,936L183,803L190,755L197,897L205,921L212,960L219,921L227,936L234,866L241,850L249,708L256,669L263,850L271,897L278,779L285,755L293,787L300,740L307,795L314,763L322,795L329,740L336,653L344,748L351,748L358,866L366,692L373,661L380,716L388,810L395,692L402,740L410,700L417,598L424,606L431,614L439,527L446,488L453,511L461,480L468,386L475,488L483,614L490,614L497,661L505,661L512,732L519,645L527,582L534,527L541,685L549,700L556,748L563,567L570,543L578,567L585,614L592,551L600,567L607,543L614,748L622,669L629,630L636,606L644,645L651,543L658,567L666,661L673,582L680,472L687,653L695,598L702,677L709,449L717,535L724,456L731,370L739,330L746,488L753,346L761,464L768,496L775,441L783,323L790,275L797,362L804,244L812,260L819,409L826,401L834,338L841,228L848,315L856,212L863,94L870,260L878,260L885,157L892,94L900,102L907,157L914,47L921,87L929,71L936,165L943,79L951,31L958,118L965,94L973,71L980,0"
            fill="none"
            stroke="steelblue"
            stroke-linecap="round"
            stroke-linejoin="round"
            stroke-width="1.5"
          />
        </g>
      </svg>
    </div>
  </div>
</div>
`;
